create extension pgsynck;
select * from pgsynck
($$
    select '1;2;3/* not a comment */' from "My;Table" as from;
    select x from (select 1 as x);
    /* test;test */ begin;
    insert into foo2 values ('1''2','3;4');
    abort my trans
$$);
                              sql                              | cursorpos | sqlerrcode |               message               |                   hint                   
---------------------------------------------------------------+-----------+------------+-------------------------------------+------------------------------------------
                                                              +|        59 |   16801924 | syntax error at or near "from"      | 
     select '1;2;3/* not a comment */' from "My;Table" as from |           |            |                                     | 
                                                              +|        20 |   16801924 | subquery in FROM must have an alias | For example, FROM (SELECT ...) [AS] foo.
     select x from (select 1 as x)                             |           |            |                                     | 
                                                              +|         0 |          0 |                                     | 
     /* test;test */ begin                                     |           |            |                                     | 
                                                              +|         0 |          0 |                                     | 
     insert into foo2 values ('1''2','3;4')                    |           |            |                                     | 
                                                              +|        12 |   16801924 | syntax error at or near "my"        | 
     abort my trans                                           +|           |            |                                     | 
                                                               |           |            |                                     | 
(5 rows)

select * from pgsynck
($$
    --1
    select 2;
    select a from -- b; -- select 1;
    c
$$);
                 sql                  | cursorpos | sqlerrcode | message | hint 
--------------------------------------+-----------+------------+---------+------
                                     +|         0 |          0 |         | 
     --1                             +|           |            |         | 
     select 2                         |           |            |         | 
                                     +|         0 |          0 |         | 
     select a from -- b; -- select 1;+|           |            |         | 
     c                               +|           |            |         | 
                                      |           |            |         | 
(2 rows)

